Archive member included to satisfy reference by file (symbol)

C:/ST/STM32CubeIDE_1.12.0/STM32CubeIDE/plugins/com.st.stm32cube.ide.mcu.externaltools.gnu-tools-for-stm32.11.3.rel1.win32_1.1.0.202305231506/tools/bin/../lib/gcc/arm-none-eabi/11.3.1/../../../../arm-none-eabi/lib/thumb/v7-m/nofp\libc_nano.a(libc_a-exit.o)
                              C:/ST/STM32CubeIDE_1.12.0/STM32CubeIDE/plugins/com.st.stm32cube.ide.mcu.externaltools.gnu-tools-for-stm32.11.3.rel1.win32_1.1.0.202305231506/tools/bin/../lib/gcc/arm-none-eabi/11.3.1/../../../../arm-none-eabi/lib/thumb/v7-m/nofp/crt0.o (exit)
C:/ST/STM32CubeIDE_1.12.0/STM32CubeIDE/plugins/com.st.stm32cube.ide.mcu.externaltools.gnu-tools-for-stm32.11.3.rel1.win32_1.1.0.202305231506/tools/bin/../lib/gcc/arm-none-eabi/11.3.1/../../../../arm-none-eabi/lib/thumb/v7-m/nofp\libc_nano.a(libc_a-findfp.o)
                              C:/ST/STM32CubeIDE_1.12.0/STM32CubeIDE/plugins/com.st.stm32cube.ide.mcu.externaltools.gnu-tools-for-stm32.11.3.rel1.win32_1.1.0.202305231506/tools/bin/../lib/gcc/arm-none-eabi/11.3.1/../../../../arm-none-eabi/lib/thumb/v7-m/nofp\libc_nano.a(libc_a-exit.o) (__stdio_exit_handler)
C:/ST/STM32CubeIDE_1.12.0/STM32CubeIDE/plugins/com.st.stm32cube.ide.mcu.externaltools.gnu-tools-for-stm32.11.3.rel1.win32_1.1.0.202305231506/tools/bin/../lib/gcc/arm-none-eabi/11.3.1/../../../../arm-none-eabi/lib/thumb/v7-m/nofp\libc_nano.a(libc_a-fwalk.o)
                              C:/ST/STM32CubeIDE_1.12.0/STM32CubeIDE/plugins/com.st.stm32cube.ide.mcu.externaltools.gnu-tools-for-stm32.11.3.rel1.win32_1.1.0.202305231506/tools/bin/../lib/gcc/arm-none-eabi/11.3.1/../../../../arm-none-eabi/lib/thumb/v7-m/nofp\libc_nano.a(libc_a-findfp.o) (_fwalk_sglue)
C:/ST/STM32CubeIDE_1.12.0/STM32CubeIDE/plugins/com.st.stm32cube.ide.mcu.externaltools.gnu-tools-for-stm32.11.3.rel1.win32_1.1.0.202305231506/tools/bin/../lib/gcc/arm-none-eabi/11.3.1/../../../../arm-none-eabi/lib/thumb/v7-m/nofp\libc_nano.a(libc_a-stdio.o)
                              C:/ST/STM32CubeIDE_1.12.0/STM32CubeIDE/plugins/com.st.stm32cube.ide.mcu.externaltools.gnu-tools-for-stm32.11.3.rel1.win32_1.1.0.202305231506/tools/bin/../lib/gcc/arm-none-eabi/11.3.1/../../../../arm-none-eabi/lib/thumb/v7-m/nofp\libc_nano.a(libc_a-findfp.o) (__sread)
C:/ST/STM32CubeIDE_1.12.0/STM32CubeIDE/plugins/com.st.stm32cube.ide.mcu.externaltools.gnu-tools-for-stm32.11.3.rel1.win32_1.1.0.202305231506/tools/bin/../lib/gcc/arm-none-eabi/11.3.1/../../../../arm-none-eabi/lib/thumb/v7-m/nofp\libc_nano.a(libc_a-memset.o)
                              C:/ST/STM32CubeIDE_1.12.0/STM32CubeIDE/plugins/com.st.stm32cube.ide.mcu.externaltools.gnu-tools-for-stm32.11.3.rel1.win32_1.1.0.202305231506/tools/bin/../lib/gcc/arm-none-eabi/11.3.1/../../../../arm-none-eabi/lib/thumb/v7-m/nofp/crt0.o (memset)
C:/ST/STM32CubeIDE_1.12.0/STM32CubeIDE/plugins/com.st.stm32cube.ide.mcu.externaltools.gnu-tools-for-stm32.11.3.rel1.win32_1.1.0.202305231506/tools/bin/../lib/gcc/arm-none-eabi/11.3.1/../../../../arm-none-eabi/lib/thumb/v7-m/nofp\libc_nano.a(libc_a-closer.o)
                              C:/ST/STM32CubeIDE_1.12.0/STM32CubeIDE/plugins/com.st.stm32cube.ide.mcu.externaltools.gnu-tools-for-stm32.11.3.rel1.win32_1.1.0.202305231506/tools/bin/../lib/gcc/arm-none-eabi/11.3.1/../../../../arm-none-eabi/lib/thumb/v7-m/nofp\libc_nano.a(libc_a-stdio.o) (_close_r)
C:/ST/STM32CubeIDE_1.12.0/STM32CubeIDE/plugins/com.st.stm32cube.ide.mcu.externaltools.gnu-tools-for-stm32.11.3.rel1.win32_1.1.0.202305231506/tools/bin/../lib/gcc/arm-none-eabi/11.3.1/../../../../arm-none-eabi/lib/thumb/v7-m/nofp\libc_nano.a(libc_a-reent.o)
                              C:/ST/STM32CubeIDE_1.12.0/STM32CubeIDE/plugins/com.st.stm32cube.ide.mcu.externaltools.gnu-tools-for-stm32.11.3.rel1.win32_1.1.0.202305231506/tools/bin/../lib/gcc/arm-none-eabi/11.3.1/../../../../arm-none-eabi/lib/thumb/v7-m/nofp\libc_nano.a(libc_a-closer.o) (errno)
C:/ST/STM32CubeIDE_1.12.0/STM32CubeIDE/plugins/com.st.stm32cube.ide.mcu.externaltools.gnu-tools-for-stm32.11.3.rel1.win32_1.1.0.202305231506/tools/bin/../lib/gcc/arm-none-eabi/11.3.1/../../../../arm-none-eabi/lib/thumb/v7-m/nofp\libc_nano.a(libc_a-impure.o)
                              C:/ST/STM32CubeIDE_1.12.0/STM32CubeIDE/plugins/com.st.stm32cube.ide.mcu.externaltools.gnu-tools-for-stm32.11.3.rel1.win32_1.1.0.202305231506/tools/bin/../lib/gcc/arm-none-eabi/11.3.1/../../../../arm-none-eabi/lib/thumb/v7-m/nofp\libc_nano.a(libc_a-reent.o) (_impure_ptr)
C:/ST/STM32CubeIDE_1.12.0/STM32CubeIDE/plugins/com.st.stm32cube.ide.mcu.externaltools.gnu-tools-for-stm32.11.3.rel1.win32_1.1.0.202305231506/tools/bin/../lib/gcc/arm-none-eabi/11.3.1/../../../../arm-none-eabi/lib/thumb/v7-m/nofp\libc_nano.a(libc_a-lseekr.o)
[...]
Memory Configuration

Name             Origin             Length             Attributes
RAM              0x0000000020000000 0x0000000000005000 xrw
FLASH            0x0000000008000000 0x0000000000010000 xr
*default*        0x0000000000000000 0xffffffffffffffff

Linker script and memory map

LOAD C:/ST/STM32CubeIDE_1.12.0/STM32CubeIDE/plugins/com.st.stm32cube.ide.mcu.externaltools.gnu-tools-for-stm32.11.3.rel1.win32_1.1.0.202305231506/tools/bin/../lib/gcc/arm-none-eabi/11.3.1/thumb/v7-m/nofp/crti.o
LOAD C:/ST/STM32CubeIDE_1.12.0/STM32CubeIDE/plugins/com.st.stm32cube.ide.mcu.externaltools.gnu-tools-for-stm32.11.3.rel1.win32_1.1.0.202305231506/tools/bin/../lib/gcc/arm-none-eabi/11.3.1/thumb/v7-m/nofp/crtbegin.o
LOAD C:/ST/STM32CubeIDE_1.12.0/STM32CubeIDE/plugins/com.st.stm32cube.ide.mcu.externaltools.gnu-tools-for-stm32.11.3.rel1.win32_1.1.0.202305231506/tools/bin/../lib/gcc/arm-none-eabi/11.3.1/../../../../arm-none-eabi/lib/thumb/v7-m/nofp/crt0.o
LOAD ./Src/DC_MOTOR_program.o
LOAD ./Src/GPIO_program.o
LOAD ./Src/KEYPAD_program.o
LOAD ./Src/LCD_program.o
LOAD ./Src/LED_program.o
LOAD ./Src/NVIC_program.o
LOAD ./Src/RCC_program.o
LOAD ./Src/SCB_program.o
LOAD ./Src/main.o
LOAD ./Src/syscalls.o
LOAD ./Src/sysmem.o
LOAD ./Startup/startup_stm32f103c8tx.o
START GROUP
LOAD C:/ST/STM32CubeIDE_1.12.0/STM32CubeIDE/plugins/com.st.stm32cube.ide.mcu.externaltools.gnu-tools-for-stm32.11.3.rel1.win32_1.1.0.202305231506/tools/bin/../lib/gcc/arm-none-eabi/11.3.1/../../../../arm-none-eabi/lib/thumb/v7-m/nofp\libc_nano.a
LOAD C:/ST/STM32CubeIDE_1.12.0/STM32CubeIDE/plugins/com.st.stm32cube.ide.mcu.externaltools.gnu-tools-for-stm32.11.3.rel1.win32_1.1.0.202305231506/tools/bin/../lib/gcc/arm-none-eabi/11.3.1/../../../../arm-none-eabi/lib/thumb/v7-m/nofp\libm.a
END GROUP
START GROUP
LOAD C:/ST/STM32CubeIDE_1.12.0/STM32CubeIDE/plugins/com.st.stm32cube.ide.mcu.externaltools.gnu-tools-for-stm32.11.3.rel1.win32_1.1.0.202305231506/tools/bin/../lib/gcc/arm-none-eabi/11.3.1/thumb/v7-m/nofp\libgcc.a
LOAD C:/ST/STM32CubeIDE_1.12.0/STM32CubeIDE/plugins/com.st.stm32cube.ide.mcu.externaltools.gnu-tools-for-stm32.11.3.rel1.win32_1.1.0.202305231506/tools/bin/../lib/gcc/arm-none-eabi/11.3.1/../../../../arm-none-eabi/lib/thumb/v7-m/nofp\libc_nano.a
END GROUP
START GROUP
LOAD C:/ST/STM32CubeIDE_1.12.0/STM32CubeIDE/plugins/com.st.stm32cube.ide.mcu.externaltools.gnu-tools-for-stm32.11.3.rel1.win32_1.1.0.202305231506/tools/bin/../lib/gcc/arm-none-eabi/11.3.1/thumb/v7-m/nofp\libgcc.a
LOAD C:/ST/STM32CubeIDE_1.12.0/STM32CubeIDE/plugins/com.st.stm32cube.ide.mcu.externaltools.gnu-tools-for-stm32.11.3.rel1.win32_1.1.0.202305231506/tools/bin/../lib/gcc/arm-none-eabi/11.3.1/../../../../arm-none-eabi/lib/thumb/v7-m/nofp\libc_nano.a
LOAD C:/ST/STM32CubeIDE_1.12.0/STM32CubeIDE/plugins/com.st.stm32cube.ide.mcu.externaltools.gnu-tools-for-stm32.11.3.rel1.win32_1.1.0.202305231506/tools/bin/../lib/gcc/arm-none-eabi/11.3.1/../../../../arm-none-eabi/lib/thumb/v7-m/nofp\libnosys.a
END GROUP
START GROUP
LOAD C:/ST/STM32CubeIDE_1.12.0/STM32CubeIDE/plugins/com.st.stm32cube.ide.mcu.externaltools.gnu-tools-for-stm32.11.3.rel1.win32_1.1.0.202305231506/tools/bin/../lib/gcc/arm-none-eabi/11.3.1/thumb/v7-m/nofp\libgcc.a
LOAD C:/ST/STM32CubeIDE_1.12.0/STM32CubeIDE/plugins/com.st.stm32cube.ide.mcu.externaltools.gnu-tools-for-stm32.11.3.rel1.win32_1.1.0.202305231506/tools/bin/../lib/gcc/arm-none-eabi/11.3.1/../../../../arm-none-eabi/lib/thumb/v7-m/nofp\libc_nano.a
LOAD C:/ST/STM32CubeIDE_1.12.0/STM32CubeIDE/plugins/com.st.stm32cube.ide.mcu.externaltools.gnu-tools-for-stm32.11.3.rel1.win32_1.1.0.202305231506/tools/bin/../lib/gcc/arm-none-eabi/11.3.1/../../../../arm-none-eabi/lib/thumb/v7-m/nofp\libnosys.a
END GROUP
LOAD C:/ST/STM32CubeIDE_1.12.0/STM32CubeIDE/plugins/com.st.stm32cube.ide.mcu.externaltools.gnu-tools-for-stm32.11.3.rel1.win32_1.1.0.202305231506/tools/bin/../lib/gcc/arm-none-eabi/11.3.1/thumb/v7-m/nofp/crtend.o
LOAD C:/ST/STM32CubeIDE_1.12.0/STM32CubeIDE/plugins/com.st.stm32cube.ide.mcu.externaltools.gnu-tools-for-stm32.11.3.rel1.win32_1.1.0.202305231506/tools/bin/../lib/gcc/arm-none-eabi/11.3.1/thumb/v7-m/nofp/crtn.o
                0x0000000020005000                _estack = (ORIGIN (RAM) + LENGTH (RAM))
                0x0000000000000200                _Min_Heap_Size = 0x200
                0x0000000000000400                _Min_Stack_Size = 0x400

.isr_vector     0x0000000008000000      0x130
                0x0000000008000000                . = ALIGN (0x4)
 *(.isr_vector)
 .isr_vector    0x0000000008000000      0x130 ./Startup/startup_stm32f103c8tx.o
                0x0000000008000000                g_pfnVectors
                0x0000000008000130                . = ALIGN (0x4)

.text           0x0000000008000130      0xb9c
                0x0000000008000130                . = ALIGN (0x4)
 *(.text)
 .text          0x0000000008000130       0x40 C:/ST/STM32CubeIDE_1.12.0/STM32CubeIDE/plugins/com.st.stm32cube.ide.mcu.externaltools.gnu-tools-for-stm32.11.3.rel1.win32_1.1.0.202305231506/tools/bin/../lib/gcc/arm-none-eabi/11.3.1/thumb/v7-m/nofp/crtbegin.o
 *(.text*)
 .text.GPIO_voidInitPortPin
                0x0000000008000170       0x3e ./Src/GPIO_program.o
                0x0000000008000170                GPIO_voidInitPortPin
 .text.GPIO_voidConfgPin_Mode
                0x00000000080001ae       0x8a ./Src/GPIO_program.o
 .text.GPIO_voidWritePortPin
                0x0000000008000238       0x4c ./Src/GPIO_program.o
                0x0000000008000238                GPIO_voidWritePortPin
 .text.lcd_4bit_intialize
                0x0000000008000284       0xea ./Src/LCD_program.o
                0x0000000008000284                lcd_4bit_intialize
 .text.lcd_4bit_send_command
                0x000000000800036e       0x56 ./Src/LCD_program.o
                0x000000000800036e                lcd_4bit_send_command
 .text.lcd_4bit_send_custom_char
                0x00000000080003c4       0x6e ./Src/LCD_program.o
                0x00000000080003c4                lcd_4bit_send_custom_char
 .text.lcd_4bit_send_char_data
                0x0000000008000432       0x56 ./Src/LCD_program.o
                0x0000000008000432                lcd_4bit_send_char_data
 .text.lcd_4bit_send_char_data_pos
                0x0000000008000488       0x40 ./Src/LCD_program.o
                0x0000000008000488                lcd_4bit_send_char_data_pos
 .text.lcd_4bit_send_string_pos
                0x00000000080004c8       0x48 ./Src/LCD_program.o
                0x00000000080004c8                lcd_4bit_send_string_pos
 .text.lcd_send_4bits
                0x0000000008000510       0x78 ./Src/LCD_program.o
 .text.lcd_4bit_send_enable_signal
                0x0000000008000588       0x50 ./Src/LCD_program.o
 .text.lcd_4bit_set_cursor
                0x00000000080005d8       0x7c ./Src/LCD_program.o
 .text.LED_vInit
                0x0000000008000654       0x38 ./Src/LED_program.o
                0x0000000008000654                LED_vInit
 .text.LED_vToggle
                0x000000000800068c       0x2c ./Src/LED_program.o
                0x000000000800068c                LED_vToggle
 .text.MRCC_voidClockInit
                0x00000000080006b8       0x44 ./Src/RCC_program.o
                0x00000000080006b8                MRCC_voidClockInit
 .text.MRCC_voidPeripheralClockEnable
                0x00000000080006fc       0x78 ./Src/RCC_program.o
                0x00000000080006fc                MRCC_voidPeripheralClockEnable
 .text.RCC_voidClockSource
                0x0000000008000774      0x120 ./Src/RCC_program.o
 .text.RCC_voidPLL_Clock_Source
                0x0000000008000894      0x10c ./Src/RCC_program.o
 .text.RCC_voidPLL_Mul
                0x00000000080009a0       0x28 ./Src/RCC_program.o
 .text.RCC_voidBus_Prescaler
                0x00000000080009c8       0x54 ./Src/RCC_program.o
 .text.main     0x0000000008000a1c      0x1fc ./Src/main.o
                0x0000000008000a1c                main
 .text.Reset_Handler
                0x0000000008000c18       0x50 ./Startup/startup_stm32f103c8tx.o
                0x0000000008000c18                Reset_Handler
 .text.Default_Handler
                0x0000000008000c68        0x2 ./Startup/startup_stm32f103c8tx.o
                0x0000000008000c68                EXTI2_IRQHandler
                0x0000000008000c68                TIM8_TRG_COM_IRQHandler
                0x0000000008000c68                TIM8_CC_IRQHandler
                0x0000000008000c68                DebugMon_Handler
                0x0000000008000c68                TIM1_CC_IRQHandler
                0x0000000008000c68                HardFault_Handler
                0x0000000008000c68                TIM6_IRQHandler
                0x0000000008000c68                SysTick_Handler
                0x0000000008000c68                PVD_IRQHandler
                0x0000000008000c68                SDIO_IRQHandler
                0x0000000008000c68                PendSV_Handler
                0x0000000008000c68                NMI_Handler
                0x0000000008000c68                EXTI3_IRQHandler
                0x0000000008000c68                USB_HP_CAN_TX_IRQHandler
                0x0000000008000c68                EXTI0_IRQHandler
                0x0000000008000c68                I2C2_EV_IRQHandler
                0x0000000008000c68                UsageFault_Handler
                0x0000000008000c68                ADC1_2_IRQHandler
                0x0000000008000c68                SPI1_IRQHandler
                0x0000000008000c68                CAN_SCE_IRQHandler
                0x0000000008000c68                TAMPER_IRQHandler
                0x0000000008000c68                TIM8_UP_IRQHandler
                0x0000000008000c68                DMA2_Channel2_IRQHandler
                0x0000000008000c68                DMA1_Channel4_IRQHandler
                0x0000000008000c68                USART3_IRQHandler
                0x0000000008000c68                RTC_IRQHandler
                0x0000000008000c68                DMA1_Channel7_IRQHandler
                0x0000000008000c68                UART5_IRQHandler
                0x0000000008000c68                ADC3_IRQHandler
                0x0000000008000c68                TIM4_IRQHandler
                0x0000000008000c68                CAN_RX1_IRQHandler
                0x0000000008000c68                DMA2_Channel1_IRQHandler
                0x0000000008000c68                I2C1_EV_IRQHandler
                0x0000000008000c68                DMA1_Channel6_IRQHandler
                0x0000000008000c68                UART4_IRQHandler
                0x0000000008000c68                TIM3_IRQHandler
                0x0000000008000c68                RCC_IRQHandler
                0x0000000008000c68                TIM1_TRG_COM_IRQHandler
                0x0000000008000c68                DMA1_Channel1_IRQHandler
                0x0000000008000c68                Default_Handler
                0x0000000008000c68                EXTI15_10_IRQHandler
                0x0000000008000c68                TIM7_IRQHandler
                0x0000000008000c68                TIM5_IRQHandler
                0x0000000008000c68                EXTI9_5_IRQHandler
                0x0000000008000c68                SPI2_IRQHandler
                0x0000000008000c68                USB_LP_CAN_RX0_IRQHandler
                0x0000000008000c68                MemManage_Handler
                0x0000000008000c68                SVC_Handler
                0x0000000008000c68                DMA1_Channel5_IRQHandler
                0x0000000008000c68                EXTI4_IRQHandler
                0x0000000008000c68                DMA1_Channel3_IRQHandler
                0x0000000008000c68                FSMC_IRQHandler
                0x0000000008000c68                TIM1_UP_IRQHandler
                0x0000000008000c68                WWDG_IRQHandler
                0x0000000008000c68                TIM2_IRQHandler
                0x0000000008000c68                TIM1_BRK_IRQHandler
                0x0000000008000c68                EXTI1_IRQHandler
                0x0000000008000c68                RTCAlarm_IRQHandler
                0x0000000008000c68                DMA2_Channel4_5_IRQHandler
                0x0000000008000c68                USART2_IRQHandler
                0x0000000008000c68                I2C2_ER_IRQHandler
                0x0000000008000c68                DMA1_Channel2_IRQHandler
                0x0000000008000c68                TIM8_BRK_IRQHandler
                0x0000000008000c68                FLASH_IRQHandler
                0x0000000008000c68                BusFault_Handler
                0x0000000008000c68                USART1_IRQHandler
                0x0000000008000c68                SPI3_IRQHandler
                0x0000000008000c68                I2C1_ER_IRQHandler
                0x0000000008000c68                DMA2_Channel3_IRQHandler
 *fill*         0x0000000008000c6a        0x2 
 .text.__libc_init_array
                0x0000000008000c6c       0x48 C:/ST/STM32CubeIDE_1.12.0/STM32CubeIDE/plugins/com.st.stm32cube.ide.mcu.externaltools.gnu-tools-for-stm32.11.3.rel1.win32_1.1.0.202305231506/tools/bin/../lib/gcc/arm-none-eabi/11.3.1/../../../../arm-none-eabi/lib/thumb/v7-m/nofp\libc_nano.a(libc_a-init.o)
                0x0000000008000c6c                __libc_init_array
 *(.glue_7)
 .glue_7        0x0000000008000cb4        0x0 linker stubs
 *(.glue_7t)
 .glue_7t       0x0000000008000cb4        0x0 linker stubs
 *(.eh_frame)
 .eh_frame      0x0000000008000cb4        0x0 C:/ST/STM32CubeIDE_1.12.0/STM32CubeIDE/plugins/com.st.stm32cube.ide.mcu.externaltools.gnu-tools-for-stm32.11.3.rel1.win32_1.1.0.202305231506/tools/bin/../lib/gcc/arm-none-eabi/11.3.1/thumb/v7-m/nofp/crtbegin.o
 *(.init)
 .init          0x0000000008000cb4        0x4 C:/ST/STM32CubeIDE_1.12.0/STM32CubeIDE/plugins/com.st.stm32cube.ide.mcu.externaltools.gnu-tools-for-stm32.11.3.rel1.win32_1.1.0.202305231506/tools/bin/../lib/gcc/arm-none-eabi/11.3.1/thumb/v7-m/nofp/crti.o
                0x0000000008000cb4                _init
 .init          0x0000000008000cb8        0x8 C:/ST/STM32CubeIDE_1.12.0/STM32CubeIDE/plugins/com.st.stm32cube.ide.mcu.externaltools.gnu-tools-for-stm32.11.3.rel1.win32_1.1.0.202305231506/tools/bin/../lib/gcc/arm-none-eabi/11.3.1/thumb/v7-m/nofp/crtn.o
 *(.fini)
 .fini          0x0000000008000cc0        0x4 C:/ST/STM32CubeIDE_1.12.0/STM32CubeIDE/plugins/com.st.stm32cube.ide.mcu.externaltools.gnu-tools-for-stm32.11.3.rel1.win32_1.1.0.202305231506/tools/bin/../lib/gcc/arm-none-eabi/11.3.1/thumb/v7-m/nofp/crti.o
                0x0000000008000cc0                _fini
 .fini          0x0000000008000cc4        0x8 C:/ST/STM32CubeIDE_1.12.0/STM32CubeIDE/plugins/com.st.stm32cube.ide.mcu.externaltools.gnu-tools-for-stm32.11.3.rel1.win32_1.1.0.202305231506/tools/bin/../lib/gcc/arm-none-eabi/11.3.1/thumb/v7-m/nofp/crtn.o
                0x0000000008000ccc                . = ALIGN (0x4)
                0x0000000008000ccc                _etext = .

.vfp11_veneer   0x0000000008000ccc        0x0
 .vfp11_veneer  0x0000000008000ccc        0x0 linker stubs

.v4_bx          0x0000000008000ccc        0x0
 .v4_bx         0x0000000008000ccc        0x0 linker stubs

.iplt           0x0000000008000ccc        0x0
 .iplt          0x0000000008000ccc        0x0 C:/ST/STM32CubeIDE_1.12.0/STM32CubeIDE/plugins/com.st.stm32cube.ide.mcu.externaltools.gnu-tools-for-stm32.11.3.rel1.win32_1.1.0.202305231506/tools/bin/../lib/gcc/arm-none-eabi/11.3.1/thumb/v7-m/nofp/crtbegin.o

.rodata         0x0000000008000ccc       0x38
                0x0000000008000ccc                . = ALIGN (0x4)
 *(.rodata)
 .rodata        0x0000000008000ccc        0xf ./Src/main.o
 *(.rodata*)
 *fill*         0x0000000008000cdb        0x1 
 .rodata.customChar1
                0x0000000008000cdc        0x8 ./Src/main.o
                0x0000000008000cdc                customChar1
 .rodata.customChar2
                0x0000000008000ce4        0x8 ./Src/main.o
                0x0000000008000ce4                customChar2
 .rodata.customChar3
                0x0000000008000cec        0x8 ./Src/main.o
                0x0000000008000cec                customChar3
 .rodata.customChar4
                0x0000000008000cf4        0x8 ./Src/main.o
                0x0000000008000cf4                customChar4
 .rodata.customChar5
                0x0000000008000cfc        0x8 ./Src/main.o
                0x0000000008000cfc                customChar5
                0x0000000008000d04                . = ALIGN (0x4)

.rel.dyn        0x0000000008000d04        0x0
 .rel.iplt      0x0000000008000d04        0x0 C:/ST/STM32CubeIDE_1.12.0/STM32CubeIDE/plugins/com.st.stm32cube.ide.mcu.externaltools.gnu-tools-for-stm32.11.3.rel1.win32_1.1.0.202305231506/tools/bin/../lib/gcc/arm-none-eabi/11.3.1/thumb/v7-m/nofp/crtbegin.o

.ARM.extab      0x0000000008000d04        0x0
                0x0000000008000d04                . = ALIGN (0x4)
 *(.ARM.extab* .gnu.linkonce.armextab.*)
                0x0000000008000d04                . = ALIGN (0x4)

.ARM            0x0000000008000d04        0x0
                0x0000000008000d04                . = ALIGN (0x4)
                0x0000000008000d04                __exidx_start = .
 *(.ARM.exidx*)
                0x0000000008000d04                __exidx_end = .
                0x0000000008000d04                . = ALIGN (0x4)

.preinit_array  0x0000000008000d04        0x0
                0x0000000008000d04                . = ALIGN (0x4)
                0x0000000008000d04                PROVIDE (__preinit_array_start = .)
 *(.preinit_array*)
                0x0000000008000d04                PROVIDE (__preinit_array_end = .)
                0x0000000008000d04                . = ALIGN (0x4)

.init_array     0x0000000008000d04        0x4
                0x0000000008000d04                . = ALIGN (0x4)
                0x0000000008000d04                PROVIDE (__init_array_start = .)
 *(SORT_BY_NAME(.init_array.*))
 *(.init_array*)
 .init_array    0x0000000008000d04        0x4 C:/ST/STM32CubeIDE_1.12.0/STM32CubeIDE/plugins/com.st.stm32cube.ide.mcu.externaltools.gnu-tools-for-stm32.11.3.rel1.win32_1.1.0.202305231506/tools/bin/../lib/gcc/arm-none-eabi/11.3.1/thumb/v7-m/nofp/crtbegin.o
                0x0000000008000d08                PROVIDE (__init_array_end = .)
                0x0000000008000d08                . = ALIGN (0x4)

.fini_array     0x0000000008000d08        0x4
                0x0000000008000d08                . = ALIGN (0x4)
                [!provide]                        PROVIDE (__fini_array_start = .)
 *(SORT_BY_NAME(.fini_array.*))
 *(.fini_array*)
 .fini_array    0x0000000008000d08        0x4 C:/ST/STM32CubeIDE_1.12.0/STM32CubeIDE/plugins/com.st.stm32cube.ide.mcu.externaltools.gnu-tools-for-stm32.11.3.rel1.win32_1.1.0.202305231506/tools/bin/../lib/gcc/arm-none-eabi/11.3.1/thumb/v7-m/nofp/crtbegin.o
                [!provide]                        PROVIDE (__fini_array_end = .)
                0x0000000008000d0c                . = ALIGN (0x4)
                0x0000000008000d0c                _sidata = LOADADDR (.data)

.data           0x0000000020000000       0x48 load address 0x0000000008000d0c
                0x0000000020000000                . = ALIGN (0x4)
                0x0000000020000000                _sdata = .
 *(.data)
 *(.data*)
 .data.lcd_1    0x0000000020000000       0x38 ./Src/LCD_program.o
                0x0000000020000000                lcd_1
 .data.RCC_obj  0x0000000020000038        0x6 ./Src/RCC_program.o
                0x0000000020000038                RCC_obj
 *fill*         0x000000002000003e        0x2 
 .data.led_1    0x0000000020000040        0x8 ./Src/main.o
                0x0000000020000040                led_1
 *(.RamFunc)
 *(.RamFunc*)
                0x0000000020000048                . = ALIGN (0x4)
                0x0000000020000048                _edata = .

.igot.plt       0x0000000020000048        0x0 load address 0x0000000008000d54
 .igot.plt      0x0000000020000048        0x0 C:/ST/STM32CubeIDE_1.12.0/STM32CubeIDE/plugins/com.st.stm32cube.ide.mcu.externaltools.gnu-tools-for-stm32.11.3.rel1.win32_1.1.0.202305231506/tools/bin/../lib/gcc/arm-none-eabi/11.3.1/thumb/v7-m/nofp/crtbegin.o
                0x0000000020000048                . = ALIGN (0x4)

.bss            0x0000000020000048       0x1c load address 0x0000000008000d54
                0x0000000020000048                _sbss = .
                0x0000000020000048                __bss_start__ = _sbss
 *(.bss)
 .bss           0x0000000020000048       0x1c C:/ST/STM32CubeIDE_1.12.0/STM32CubeIDE/plugins/com.st.stm32cube.ide.mcu.externaltools.gnu-tools-for-stm32.11.3.rel1.win32_1.1.0.202305231506/tools/bin/../lib/gcc/arm-none-eabi/11.3.1/thumb/v7-m/nofp/crtbegin.o
 *(.bss*)
 *(COMMON)
                0x0000000020000064                . = ALIGN (0x4)
                0x0000000020000064                _ebss = .
                0x0000000020000064                __bss_end__ = _ebss

._user_heap_stack
                0x0000000020000064      0x604 load address 0x0000000008000d54
                0x0000000020000068                . = ALIGN (0x8)
 *fill*         0x0000000020000064        0x4 
                [!provide]                        PROVIDE (end = .)
                0x0000000020000068                PROVIDE (_end = .)
                0x0000000020000268                . = (. + _Min_Heap_Size)
 *fill*         0x0000000020000068      0x200 
                0x0000000020000668                . = (. + _Min_Stack_Size)
 *fill*         0x0000000020000268      0x400 
                0x0000000020000668                . = ALIGN (0x8)

/DISCARD/
 libc.a(*)
 libm.a(*)
 libgcc.a(*)

.ARM.attributes
                0x0000000000000000       0x29
 *(.ARM.attributes)
 .ARM.attributes
                0x0000000000000000       0x1d C:/ST/STM32CubeIDE_1.12.0/STM32CubeIDE/plugins/com.st.stm32cube.ide.mcu.externaltools.gnu-tools-for-stm32.11.3.rel1.win32_1.1.0.202305231506/tools/bin/../lib/gcc/arm-none-eabi/11.3.1/thumb/v7-m/nofp/crti.o
 .ARM.attributes
                0x000000000000001d       0x2d C:/ST/STM32CubeIDE_1.12.0/STM32CubeIDE/plugins/com.st.stm32cube.ide.mcu.externaltools.gnu-tools-for-stm32.11.3.rel1.win32_1.1.0.202305231506/tools/bin/../lib/gcc/arm-none-eabi/11.3.1/thumb/v7-m/nofp/crtbegin.o
 .ARM.attributes
                0x000000000000004a       0x2d ./Src/GPIO_program.o
 .ARM.attributes
                0x0000000000000077       0x2d ./Src/LCD_program.o
 .ARM.attributes
                0x00000000000000a4       0x2d ./Src/LED_program.o
 .ARM.attributes
                0x00000000000000d1       0x2d ./Src/RCC_program.o
 .ARM.attributes
                0x00000000000000fe       0x2d ./Src/main.o
 .ARM.attributes
                0x000000000000012b       0x21 ./Startup/startup_stm32f103c8tx.o
 .ARM.attributes
                0x000000000000014c       0x2d C:/ST/STM32CubeIDE_1.12.0/STM32CubeIDE/plugins/com.st.stm32cube.ide.mcu.externaltools.gnu-tools-for-stm32.11.3.rel1.win32_1.1.0.202305231506/tools/bin/../lib/gcc/arm-none-eabi/11.3.1/../../../../arm-none-eabi/lib/thumb/v7-m/nofp\libc_nano.a(libc_a-init.o)
 .ARM.attributes
                0x0000000000000179       0x1d C:/ST/STM32CubeIDE_1.12.0/STM32CubeIDE/plugins/com.st.stm32cube.ide.mcu.externaltools.gnu-tools-for-stm32.11.3.rel1.win32_1.1.0.202305231506/tools/bin/../lib/gcc/arm-none-eabi/11.3.1/thumb/v7-m/nofp/crtn.o
OUTPUT(nagyCode.elf elf32-littlearm)
LOAD linker stubs
LOAD C:/ST/STM32CubeIDE_1.12.0/STM32CubeIDE/plugins/com.st.stm32cube.ide.mcu.externaltools.gnu-tools-for-stm32.11.3.rel1.win32_1.1.0.202305231506/tools/bin/../lib/gcc/arm-none-eabi/11.3.1/../../../../arm-none-eabi/lib/thumb/v7-m/nofp\libc.a
LOAD C:/ST/STM32CubeIDE_1.12.0/STM32CubeIDE/plugins/com.st.stm32cube.ide.mcu.externaltools.gnu-tools-for-stm32.11.3.rel1.win32_1.1.0.202305231506/tools/bin/../lib/gcc/arm-none-eabi/11.3.1/../../../../arm-none-eabi/lib/thumb/v7-m/nofp\libm.a
LOAD C:/ST/STM32CubeIDE_1.12.0/STM32CubeIDE/plugins/com.st.stm32cube.ide.mcu.externaltools.gnu-tools-for-stm32.11.3.rel1.win32_1.1.0.202305231506/tools/bin/../lib/gcc/arm-none-eabi/11.3.1/thumb/v7-m/nofp\libgcc.a

.comment        0x0000000000000000       0x43
 .comment       0x0000000000000000       0x43 C:/ST/STM32CubeIDE_1.12.0/STM32CubeIDE/plugins/com.st.stm32cube.ide.mcu.externaltools.gnu-tools-for-stm32.11.3.rel1.win32_1.1.0.202305231506/tools/bin/../lib/gcc/arm-none-eabi/11.3.1/thumb/v7-m/nofp/crtbegin.o
                                         0x44 (size before relaxing)
 .comment       0x0000000000000043       0x44 ./Src/GPIO_program.o
 .comment       0x0000000000000043       0x44 ./Src/LCD_program.o
 .comment       0x0000000000000043       0x44 ./Src/LED_program.o
 .comment       0x0000000000000043       0x44 ./Src/RCC_program.o
 .comment       0x0000000000000043       0x44 ./Src/main.o

.debug_info     0x0000000000000000     0x134e
 .debug_info    0x0000000000000000      0x203 ./Src/GPIO_program.o
 .debug_info    0x0000000000000203      0x516 ./Src/LCD_program.o
 .debug_info    0x0000000000000719      0x26f ./Src/LED_program.o
 .debug_info    0x0000000000000988      0x406 ./Src/RCC_program.o
 .debug_info    0x0000000000000d8e      0x59d ./Src/main.o
 .debug_info    0x000000000000132b       0x23 ./Startup/startup_stm32f103c8tx.o

.debug_abbrev   0x0000000000000000      0x604
 .debug_abbrev  0x0000000000000000      0x104 ./Src/GPIO_program.o
 .debug_abbrev  0x0000000000000104      0x16d ./Src/LCD_program.o
 .debug_abbrev  0x0000000000000271      0x12e ./Src/LED_program.o
 .debug_abbrev  0x000000000000039f       0xff ./Src/RCC_program.o
 .debug_abbrev  0x000000000000049e      0x154 ./Src/main.o
 .debug_abbrev  0x00000000000005f2       0x12 ./Startup/startup_stm32f103c8tx.o

.debug_aranges  0x0000000000000000      0x180
 .debug_aranges
                0x0000000000000000       0x38 ./Src/GPIO_program.o
 .debug_aranges
                0x0000000000000038       0x78 ./Src/LCD_program.o
 .debug_aranges
                0x00000000000000b0       0x38 ./Src/LED_program.o
 .debug_aranges
                0x00000000000000e8       0x50 ./Src/RCC_program.o
 .debug_aranges
                0x0000000000000138       0x20 ./Src/main.o
 .debug_aranges
                0x0000000000000158       0x28 ./Startup/startup_stm32f103c8tx.o

.debug_rnglists
                0x0000000000000000      0x108
 .debug_rnglists
                0x0000000000000000       0x26 ./Src/GPIO_program.o
 .debug_rnglists
                0x0000000000000026       0x57 ./Src/LCD_program.o
 .debug_rnglists
                0x000000000000007d       0x25 ./Src/LED_program.o
 .debug_rnglists
                0x00000000000000a2       0x39 ./Src/RCC_program.o
 .debug_rnglists
                0x00000000000000db       0x14 ./Src/main.o
 .debug_rnglists
                0x00000000000000ef       0x19 ./Startup/startup_stm32f103c8tx.o

.debug_macro    0x0000000000000000      0x4c9
 .debug_macro   0x0000000000000000       0x5c ./Src/GPIO_program.o
 .debug_macro   0x000000000000005c       0x70 ./Src/LCD_program.o
 .debug_macro   0x00000000000000cc       0x3a ./Src/LCD_program.o
 .debug_macro   0x0000000000000106       0x8e ./Src/LCD_program.o
 .debug_macro   0x0000000000000194       0x66 ./Src/LED_program.o
 .debug_macro   0x00000000000001fa       0x5f ./Src/RCC_program.o
 .debug_macro   0x0000000000000259       0x16 ./Src/RCC_program.o
 .debug_macro   0x000000000000026f      0x154 ./Src/RCC_program.o
 .debug_macro   0x00000000000003c3       0x22 ./Src/RCC_program.o
 .debug_macro   0x00000000000003e5       0xe4 ./Src/main.o

.debug_line     0x0000000000000000      0xac4
 .debug_line    0x0000000000000000      0x16b ./Src/GPIO_program.o
 .debug_line    0x000000000000016b      0x363 ./Src/LCD_program.o
 .debug_line    0x00000000000004ce      0x13e ./Src/LED_program.o
 .debug_line    0x000000000000060c      0x22f ./Src/RCC_program.o
 .debug_line    0x000000000000083b      0x20e ./Src/main.o
 .debug_line    0x0000000000000a49       0x7b ./Startup/startup_stm32f103c8tx.o

.debug_str      0x0000000000000000     0x4a83
 .debug_str     0x0000000000000000     0x35ea ./Src/GPIO_program.o
                                       0x363c (size before relaxing)
 .debug_str     0x00000000000035ea      0x4f0 ./Src/LCD_program.o
                                       0x3ae5 (size before relaxing)
 .debug_str     0x0000000000003ada       0xbd ./Src/LED_program.o
                                       0x3691 (size before relaxing)
 .debug_str     0x0000000000003b97      0xad9 ./Src/RCC_program.o
                                       0x39e1 (size before relaxing)
 .debug_str     0x0000000000004670      0x3e4 ./Src/main.o
                                       0x47b1 (size before relaxing)
 .debug_str     0x0000000000004a54       0x2f ./Startup/startup_stm32f103c8tx.o
                                         0x6e (size before relaxing)

.debug_frame    0x0000000000000000      0x490
 .debug_frame   0x0000000000000000       0xac ./Src/GPIO_program.o
 .debug_frame   0x00000000000000ac      0x1c0 ./Src/LCD_program.o
 .debug_frame   0x000000000000026c       0xa4 ./Src/LED_program.o
 .debug_frame   0x0000000000000310      0x124 ./Src/RCC_program.o
 .debug_frame   0x0000000000000434       0x30 ./Src/main.o
 .debug_frame   0x0000000000000464       0x2c C:/ST/STM32CubeIDE_1.12.0/STM32CubeIDE/plugins/com.st.stm32cube.ide.mcu.externaltools.gnu-tools-for-stm32.11.3.rel1.win32_1.1.0.202305231506/tools/bin/../lib/gcc/arm-none-eabi/11.3.1/../../../../arm-none-eabi/lib/thumb/v7-m/nofp\libc_nano.a(libc_a-init.o)

.debug_line_str
                0x0000000000000000       0x62
 .debug_line_str
                0x0000000000000000       0x62 ./Startup/startup_stm32f103c8tx.o
                                         0x7a (size before relaxing)
